// Jest Snapshot v1, https://goo.gl/fbAQLP

exports[`App component renders App 1`] = `
<DocumentFragment>
  <button
    class="addButton"
  >
    ADD
  </button>
  <div
    class="container"
  >
    <div
      class="leftBox"
      style="background: lightgrey; padding: 8px; width: 250px;"
    >
      <div
        class="addABook"
      >
        Add a book!
      </div>
    </div>
    <div
      class="middleDiv"
    >
      Drag a book to offer for trade
      <br />
      <img
        alt="right arrow"
        class="arrow"
        src="src\\\\assets\\\\right-arrow.png"
      />
    </div>
    <div
      class="rightBox"
      style="background: lightgrey; padding: 8px; width: 250px;"
    >
      <div
        class="booksToTrade"
      >
        Books to trade
      </div>
    </div>
  </div>
</DocumentFragment>
`;
