// Jest Snapshot v1, https://goo.gl/fbAQLP

exports[`book component renders books 1`] = `
<DocumentFragment>
  <div
    class="bookSpine"
  >
    <div
      class="bigDiv"
    >
      <div
        class="deleteButton"
      >
        X
      </div>
      <img
        alt="harry potter"
        src="harry.jpg"
      />
      <div
        class="name"
      >
        harry potter
      </div>
      <div
        class="bookPages"
      />
    </div>
  </div>
</DocumentFragment>
`;
